chemical/x-fastq
chemical/x-fastq
Started analysis of example3_R1.fastq
Approx 5% complete for example3_R1.fastq
Approx 10% complete for example3_R1.fastq
Approx 15% complete for example3_R1.fastq
Approx 20% complete for example3_R1.fastq
Approx 25% complete for example3_R1.fastq
Approx 30% complete for example3_R1.fastq
Approx 35% complete for example3_R1.fastq
Approx 40% complete for example3_R1.fastq
Approx 45% complete for example3_R1.fastq
Approx 50% complete for example3_R1.fastq
Approx 55% complete for example3_R1.fastq
Approx 60% complete for example3_R1.fastq
Approx 65% complete for example3_R1.fastq
Started analysis of example3_R2.fastq
Approx 5% complete for example3_R2.fastq
Approx 70% complete for example3_R1.fastq
Approx 75% complete for example3_R1.fastq
Approx 10% complete for example3_R2.fastq
Approx 80% complete for example3_R1.fastq
Approx 15% complete for example3_R2.fastq
Approx 85% complete for example3_R1.fastq
Approx 20% complete for example3_R2.fastq
Approx 90% complete for example3_R1.fastq
Approx 25% complete for example3_R2.fastq
Approx 95% complete for example3_R1.fastq
Approx 30% complete for example3_R2.fastq
Approx 100% complete for example3_R1.fastq
Approx 35% complete for example3_R2.fastq
Analysis complete for example3_R1.fastq
Approx 40% complete for example3_R2.fastq
Approx 45% complete for example3_R2.fastq
Approx 50% complete for example3_R2.fastq
Approx 55% complete for example3_R2.fastq
Approx 60% complete for example3_R2.fastq
Approx 65% complete for example3_R2.fastq
Approx 70% complete for example3_R2.fastq
Approx 75% complete for example3_R2.fastq
Approx 80% complete for example3_R2.fastq
Approx 85% complete for example3_R2.fastq
Approx 90% complete for example3_R2.fastq
Approx 95% complete for example3_R2.fastq
Approx 100% complete for example3_R2.fastq
Analysis complete for example3_R2.fastq
[M::bwa_idx_load_from_disk] read 0 ALT contigs
[bam_sort] -m setting (0 bytes) is less than the minimum required (1M).

Trying to run with -m too small can lead to the creation of a very large number
of temporary files.  This may make sort fail due to it exceeding limits on the
number of files it can have open at the same time.

Please check your -m parameter.  It should be an integer followed by one of the
letters K (for kilobytes), M (megabytes) or G (gigabytes).  You should ensure it
is at least the minimum above, and much higher if you are sorting a large file.
[M::process] read 66446 sequences (20000246 bp)...
[M::process] read 33554 sequences (10099754 bp)...
[M::mem_pestat] # candidate unique pairs for (FF, FR, RF, RR): (1, 22895, 0, 0)
[M::mem_pestat] skip orientation FF as there are not enough pairs
[M::mem_pestat] analyzing insert size distribution for orientation FR...
[M::mem_pestat] (25, 50, 75) percentile: (516, 581, 642)
[M::mem_pestat] low and high boundaries for computing mean and std.dev: (264, 894)
[M::mem_pestat] mean and std.dev: (576.46, 103.31)
[M::mem_pestat] low and high boundaries for proper pairs: (138, 1020)
[M::mem_pestat] skip orientation RF as there are not enough pairs
[M::mem_pestat] skip orientation RR as there are not enough pairs
[M::mem_process_seqs] Processed 66446 reads in 5.660 CPU sec, 2.876 real sec
[fputs] Broken pipe
[E::hts_open_format] Failed to open file "results/alignment/bam/example3.sorted.bam" : No such file or directory
samtools index: failed to open "results/alignment/bam/example3.sorted.bam": No such file or directory
[E::hts_open_format] Failed to open file "results/alignment/bam/example3.sorted.bam" : No such file or directory
[mpileup] failed to open results/alignment/bam/example3.sorted.bam: No such file or directory
Failed to read from standard input: unknown file type
Failed to read from standard input: unknown file type
index: failed to open results/variants/bcf/example3.calls.bcf
[E::hts_open_format] Failed to open file "results/variants/bcf/example3.calls.bcf" : No such file or directory
Failed to read from results/variants/bcf/example3.calls.bcf: No such file or directory
tbx_index_build3 failed: results/variants/vcf/example3.calls.vcf.gz
chemical/x-fastq
chemical/x-fastq
Started analysis of example3_R1.fastq
Approx 5% complete for example3_R1.fastq
Approx 10% complete for example3_R1.fastq
Approx 15% complete for example3_R1.fastq
Approx 20% complete for example3_R1.fastq
Approx 25% complete for example3_R1.fastq
Approx 30% complete for example3_R1.fastq
Approx 35% complete for example3_R1.fastq
Approx 40% complete for example3_R1.fastq
Approx 45% complete for example3_R1.fastq
Started analysis of example3_R2.fastq
Approx 50% complete for example3_R1.fastq
Approx 5% complete for example3_R2.fastq
Approx 55% complete for example3_R1.fastq
Approx 10% complete for example3_R2.fastq
Approx 60% complete for example3_R1.fastq
Approx 15% complete for example3_R2.fastq
Approx 65% complete for example3_R1.fastq
Approx 20% complete for example3_R2.fastq
Approx 70% complete for example3_R1.fastq
Approx 25% complete for example3_R2.fastq
Approx 75% complete for example3_R1.fastq
Approx 30% complete for example3_R2.fastq
Approx 80% complete for example3_R1.fastq
Approx 35% complete for example3_R2.fastq
Approx 85% complete for example3_R1.fastq
Approx 40% complete for example3_R2.fastq
Approx 90% complete for example3_R1.fastq
Approx 45% complete for example3_R2.fastq
Approx 95% complete for example3_R1.fastq
Approx 50% complete for example3_R2.fastq
Approx 100% complete for example3_R1.fastq
Analysis complete for example3_R1.fastq
Approx 55% complete for example3_R2.fastq
Approx 60% complete for example3_R2.fastq
Approx 65% complete for example3_R2.fastq
Approx 70% complete for example3_R2.fastq
Approx 75% complete for example3_R2.fastq
Approx 80% complete for example3_R2.fastq
Approx 85% complete for example3_R2.fastq
Approx 90% complete for example3_R2.fastq
Approx 95% complete for example3_R2.fastq
Approx 100% complete for example3_R2.fastq
Analysis complete for example3_R2.fastq
[bam_sort] -m setting (0 bytes) is less than the minimum required (1M).

Trying to run with -m too small can lead to the creation of a very large number
of temporary files.  This may make sort fail due to it exceeding limits on the
number of files it can have open at the same time.

Please check your -m parameter.  It should be an integer followed by one of the
letters K (for kilobytes), M (megabytes) or G (gigabytes).  You should ensure it
is at least the minimum above, and much higher if you are sorting a large file.
[M::bwa_idx_load_from_disk] read 0 ALT contigs
[M::process] read 66446 sequences (20000246 bp)...
[M::process] read 33554 sequences (10099754 bp)...
[M::mem_pestat] # candidate unique pairs for (FF, FR, RF, RR): (1, 22895, 0, 0)
[M::mem_pestat] skip orientation FF as there are not enough pairs
[M::mem_pestat] analyzing insert size distribution for orientation FR...
[M::mem_pestat] (25, 50, 75) percentile: (516, 581, 642)
[M::mem_pestat] low and high boundaries for computing mean and std.dev: (264, 894)
[M::mem_pestat] mean and std.dev: (576.46, 103.31)
[M::mem_pestat] low and high boundaries for proper pairs: (138, 1020)
[M::mem_pestat] skip orientation RF as there are not enough pairs
[M::mem_pestat] skip orientation RR as there are not enough pairs
[M::mem_process_seqs] Processed 66446 reads in 5.930 CPU sec, 3.003 real sec
[E::hts_open_format] Failed to open file "results/alignment/bam/example3.sorted.bam" : No such file or directory
samtools index: failed to open "results/alignment/bam/example3.sorted.bam": No such file or directory
[E::hts_open_format] Failed to open file "results/alignment/bam/example3.sorted.bam" : No such file or directory
[mpileup] failed to open results/alignment/bam/example3.sorted.bam: No such file or directory
Failed to read from standard input: unknown file type
Failed to read from standard input: unknown file type
index: failed to open results/variants/bcf/example3.calls.bcf
[E::hts_open_format] Failed to open file "results/variants/bcf/example3.calls.bcf" : No such file or directory
Failed to read from results/variants/bcf/example3.calls.bcf: No such file or directory
tbx_index_build3 failed: results/variants/vcf/example3.calls.vcf.gz
chemical/x-fastq
chemical/x-fastq
Started analysis of example3_R1.fastq
Approx 5% complete for example3_R1.fastq
Approx 10% complete for example3_R1.fastq
Approx 15% complete for example3_R1.fastq
Approx 20% complete for example3_R1.fastq
Approx 25% complete for example3_R1.fastq
Approx 30% complete for example3_R1.fastq
Approx 35% complete for example3_R1.fastq
Approx 40% complete for example3_R1.fastq
Approx 45% complete for example3_R1.fastq
Approx 50% complete for example3_R1.fastq
Approx 55% complete for example3_R1.fastq
Approx 60% complete for example3_R1.fastq
Approx 65% complete for example3_R1.fastq
Approx 70% complete for example3_R1.fastq
Approx 75% complete for example3_R1.fastq
Approx 80% complete for example3_R1.fastq
Approx 85% complete for example3_R1.fastq
Approx 90% complete for example3_R1.fastq
Approx 95% complete for example3_R1.fastq
Approx 100% complete for example3_R1.fastq
Analysis complete for example3_R1.fastq
Started analysis of example3_R2.fastq
Approx 5% complete for example3_R2.fastq
Approx 10% complete for example3_R2.fastq
Approx 15% complete for example3_R2.fastq
Approx 20% complete for example3_R2.fastq
Approx 25% complete for example3_R2.fastq
Approx 30% complete for example3_R2.fastq
Approx 35% complete for example3_R2.fastq
Approx 40% complete for example3_R2.fastq
Approx 45% complete for example3_R2.fastq
Approx 50% complete for example3_R2.fastq
Approx 55% complete for example3_R2.fastq
Approx 60% complete for example3_R2.fastq
Approx 65% complete for example3_R2.fastq
Approx 70% complete for example3_R2.fastq
Approx 75% complete for example3_R2.fastq
Approx 80% complete for example3_R2.fastq
Approx 85% complete for example3_R2.fastq
Approx 90% complete for example3_R2.fastq
Approx 95% complete for example3_R2.fastq
Approx 100% complete for example3_R2.fastq
Analysis complete for example3_R2.fastq
[M::bwa_idx_load_from_disk] read 0 ALT contigs
[bam_sort] -m setting (0 bytes) is less than the minimum required (1M).

Trying to run with -m too small can lead to the creation of a very large number
of temporary files.  This may make sort fail due to it exceeding limits on the
number of files it can have open at the same time.

Please check your -m parameter.  It should be an integer followed by one of the
letters K (for kilobytes), M (megabytes) or G (gigabytes).  You should ensure it
is at least the minimum above, and much higher if you are sorting a large file.
[M::process] read 33224 sequences (10000424 bp)...
[M::process] read 33224 sequences (10000424 bp)...
[M::mem_pestat] # candidate unique pairs for (FF, FR, RF, RR): (0, 11477, 0, 0)
[M::mem_pestat] skip orientation FF as there are not enough pairs
[M::mem_pestat] analyzing insert size distribution for orientation FR...
[M::mem_pestat] (25, 50, 75) percentile: (516, 581, 641)
[M::mem_pestat] low and high boundaries for computing mean and std.dev: (266, 891)
[M::mem_pestat] mean and std.dev: (575.76, 102.38)
[M::mem_pestat] low and high boundaries for proper pairs: (141, 1016)
[M::mem_pestat] skip orientation RF as there are not enough pairs
[M::mem_pestat] skip orientation RR as there are not enough pairs
[M::mem_process_seqs] Processed 33224 reads in 2.093 CPU sec, 2.082 real sec
[fputs] Broken pipe
[E::hts_open_format] Failed to open file "results/alignment/bam/example3.sorted.bam" : No such file or directory
samtools index: failed to open "results/alignment/bam/example3.sorted.bam": No such file or directory
[E::hts_open_format] Failed to open file "results/alignment/bam/example3.sorted.bam" : No such file or directory
[mpileup] failed to open results/alignment/bam/example3.sorted.bam: No such file or directory
Failed to read from standard input: unknown file type
Failed to read from standard input: unknown file type
index: failed to open results/variants/bcf/example3.calls.bcf
[E::hts_open_format] Failed to open file "results/variants/bcf/example3.calls.bcf" : No such file or directory
Failed to read from results/variants/bcf/example3.calls.bcf: No such file or directory
tbx_index_build3 failed: results/variants/vcf/example3.calls.vcf.gz
chemical/x-fastq
chemical/x-fastq
Started analysis of example3_R1.fastq
Approx 5% complete for example3_R1.fastq
Approx 10% complete for example3_R1.fastq
Approx 15% complete for example3_R1.fastq
Approx 20% complete for example3_R1.fastq
Approx 25% complete for example3_R1.fastq
Approx 30% complete for example3_R1.fastq
Approx 35% complete for example3_R1.fastq
Approx 40% complete for example3_R1.fastq
Approx 45% complete for example3_R1.fastq
Approx 50% complete for example3_R1.fastq
Approx 55% complete for example3_R1.fastq
Approx 60% complete for example3_R1.fastq
Approx 65% complete for example3_R1.fastq
Approx 70% complete for example3_R1.fastq
Approx 75% complete for example3_R1.fastq
Approx 80% complete for example3_R1.fastq
Approx 85% complete for example3_R1.fastq
Approx 90% complete for example3_R1.fastq
Approx 95% complete for example3_R1.fastq
Approx 100% complete for example3_R1.fastq
Analysis complete for example3_R1.fastq
Started analysis of example3_R2.fastq
Approx 5% complete for example3_R2.fastq
Approx 10% complete for example3_R2.fastq
Approx 15% complete for example3_R2.fastq
Approx 20% complete for example3_R2.fastq
Approx 25% complete for example3_R2.fastq
Approx 30% complete for example3_R2.fastq
Approx 35% complete for example3_R2.fastq
Approx 40% complete for example3_R2.fastq
Approx 45% complete for example3_R2.fastq
Approx 50% complete for example3_R2.fastq
Approx 55% complete for example3_R2.fastq
Approx 60% complete for example3_R2.fastq
Approx 65% complete for example3_R2.fastq
Approx 70% complete for example3_R2.fastq
Approx 75% complete for example3_R2.fastq
Approx 80% complete for example3_R2.fastq
Approx 85% complete for example3_R2.fastq
Approx 90% complete for example3_R2.fastq
Approx 95% complete for example3_R2.fastq
Approx 100% complete for example3_R2.fastq
Analysis complete for example3_R2.fastq
[M::bwa_idx_load_from_disk] read 0 ALT contigs
[M::process] read 33224 sequences (10000424 bp)...
[M::process] read 33224 sequences (10000424 bp)...
[M::mem_pestat] # candidate unique pairs for (FF, FR, RF, RR): (0, 11477, 0, 0)
[M::mem_pestat] skip orientation FF as there are not enough pairs
[M::mem_pestat] analyzing insert size distribution for orientation FR...
[M::mem_pestat] (25, 50, 75) percentile: (516, 581, 641)
[M::mem_pestat] low and high boundaries for computing mean and std.dev: (266, 891)
[M::mem_pestat] mean and std.dev: (575.76, 102.38)
[M::mem_pestat] low and high boundaries for proper pairs: (141, 1016)
[M::mem_pestat] skip orientation RF as there are not enough pairs
[M::mem_pestat] skip orientation RR as there are not enough pairs
[M::mem_process_seqs] Processed 33224 reads in 2.096 CPU sec, 2.081 real sec
[M::process] read 33224 sequences (10000424 bp)...
[M::mem_pestat] # candidate unique pairs for (FF, FR, RF, RR): (1, 11418, 0, 0)
[M::mem_pestat] skip orientation FF as there are not enough pairs
[M::mem_pestat] analyzing insert size distribution for orientation FR...
[M::mem_pestat] (25, 50, 75) percentile: (516, 581, 644)
[M::mem_pestat] low and high boundaries for computing mean and std.dev: (260, 900)
[M::mem_pestat] mean and std.dev: (577.12, 104.47)
[M::mem_pestat] low and high boundaries for proper pairs: (132, 1028)
[M::mem_pestat] skip orientation RF as there are not enough pairs
[M::mem_pestat] skip orientation RR as there are not enough pairs
[M::mem_process_seqs] Processed 33224 reads in 2.144 CPU sec, 2.116 real sec
[M::process] read 328 sequences (98728 bp)...
[M::mem_pestat] # candidate unique pairs for (FF, FR, RF, RR): (2, 11600, 0, 2)
[M::mem_pestat] skip orientation FF as there are not enough pairs
[M::mem_pestat] analyzing insert size distribution for orientation FR...
[M::mem_pestat] (25, 50, 75) percentile: (519, 581, 642)
[M::mem_pestat] low and high boundaries for computing mean and std.dev: (273, 888)
[M::mem_pestat] mean and std.dev: (577.81, 101.11)
[M::mem_pestat] low and high boundaries for proper pairs: (150, 1011)
[M::mem_pestat] skip orientation RF as there are not enough pairs
[M::mem_pestat] skip orientation RR as there are not enough pairs
[M::mem_process_seqs] Processed 33224 reads in 2.084 CPU sec, 2.074 real sec
[M::mem_pestat] # candidate unique pairs for (FF, FR, RF, RR): (0, 109, 0, 0)
[M::mem_pestat] skip orientation FF as there are not enough pairs
[M::mem_pestat] analyzing insert size distribution for orientation FR...
[M::mem_pestat] (25, 50, 75) percentile: (512, 571, 651)
[M::mem_pestat] low and high boundaries for computing mean and std.dev: (234, 929)
[M::mem_pestat] mean and std.dev: (571.77, 119.87)
[M::mem_pestat] low and high boundaries for proper pairs: (92, 1068)
[M::mem_pestat] skip orientation RF as there are not enough pairs
[M::mem_pestat] skip orientation RR as there are not enough pairs
[M::mem_process_seqs] Processed 328 reads in 0.032 CPU sec, 0.029 real sec
[main] Version: 0.7.19-r1273
[main] CMD: bwa mem -t 1 ./data/reference/GCF_000005845.2_ASM584v2_genomic.fna ./data/examples/demo//example3_R1.fastq ./data/examples/demo//example3_R2.fastq
[main] Real time: 6.482 sec; CPU: 6.395 sec
[mpileup] 1 samples in 1 input files
[mpileup] maximum number of reads per input file set to -d 250
chemical/x-fastq
chemical/x-fastq
Started analysis of example3_R1.fastq
Approx 5% complete for example3_R1.fastq
Approx 10% complete for example3_R1.fastq
Approx 15% complete for example3_R1.fastq
Approx 20% complete for example3_R1.fastq
Approx 25% complete for example3_R1.fastq
Approx 30% complete for example3_R1.fastq
Approx 35% complete for example3_R1.fastq
Approx 40% complete for example3_R1.fastq
Approx 45% complete for example3_R1.fastq
Approx 50% complete for example3_R1.fastq
Approx 55% complete for example3_R1.fastq
Approx 60% complete for example3_R1.fastq
Approx 65% complete for example3_R1.fastq
Approx 70% complete for example3_R1.fastq
Approx 75% complete for example3_R1.fastq
Approx 80% complete for example3_R1.fastq
Approx 85% complete for example3_R1.fastq
Approx 90% complete for example3_R1.fastq
Approx 95% complete for example3_R1.fastq
Approx 100% complete for example3_R1.fastq
Analysis complete for example3_R1.fastq
Started analysis of example3_R2.fastq
Approx 5% complete for example3_R2.fastq
Approx 10% complete for example3_R2.fastq
Approx 15% complete for example3_R2.fastq
Approx 20% complete for example3_R2.fastq
Approx 25% complete for example3_R2.fastq
Approx 30% complete for example3_R2.fastq
Approx 35% complete for example3_R2.fastq
Approx 40% complete for example3_R2.fastq
Approx 45% complete for example3_R2.fastq
Approx 50% complete for example3_R2.fastq
Approx 55% complete for example3_R2.fastq
Approx 60% complete for example3_R2.fastq
Approx 65% complete for example3_R2.fastq
Approx 70% complete for example3_R2.fastq
Approx 75% complete for example3_R2.fastq
Approx 80% complete for example3_R2.fastq
Approx 85% complete for example3_R2.fastq
Approx 90% complete for example3_R2.fastq
Approx 95% complete for example3_R2.fastq
Approx 100% complete for example3_R2.fastq
Analysis complete for example3_R2.fastq
[M::bwa_idx_load_from_disk] read 0 ALT contigs
[M::process] read 33224 sequences (10000424 bp)...
[M::process] read 33224 sequences (10000424 bp)...
[M::mem_pestat] # candidate unique pairs for (FF, FR, RF, RR): (0, 11477, 0, 0)
[M::mem_pestat] skip orientation FF as there are not enough pairs
[M::mem_pestat] analyzing insert size distribution for orientation FR...
[M::mem_pestat] (25, 50, 75) percentile: (516, 581, 641)
[M::mem_pestat] low and high boundaries for computing mean and std.dev: (266, 891)
[M::mem_pestat] mean and std.dev: (575.76, 102.38)
[M::mem_pestat] low and high boundaries for proper pairs: (141, 1016)
[M::mem_pestat] skip orientation RF as there are not enough pairs
[M::mem_pestat] skip orientation RR as there are not enough pairs
[M::mem_process_seqs] Processed 33224 reads in 2.005 CPU sec, 1.993 real sec
[M::process] read 33224 sequences (10000424 bp)...
[M::mem_pestat] # candidate unique pairs for (FF, FR, RF, RR): (1, 11418, 0, 0)
[M::mem_pestat] skip orientation FF as there are not enough pairs
[M::mem_pestat] analyzing insert size distribution for orientation FR...
[M::mem_pestat] (25, 50, 75) percentile: (516, 581, 644)
[M::mem_pestat] low and high boundaries for computing mean and std.dev: (260, 900)
[M::mem_pestat] mean and std.dev: (577.12, 104.47)
[M::mem_pestat] low and high boundaries for proper pairs: (132, 1028)
[M::mem_pestat] skip orientation RF as there are not enough pairs
[M::mem_pestat] skip orientation RR as there are not enough pairs
[M::mem_process_seqs] Processed 33224 reads in 2.114 CPU sec, 2.084 real sec
[M::process] read 328 sequences (98728 bp)...
[M::mem_pestat] # candidate unique pairs for (FF, FR, RF, RR): (2, 11600, 0, 2)
[M::mem_pestat] skip orientation FF as there are not enough pairs
[M::mem_pestat] analyzing insert size distribution for orientation FR...
[M::mem_pestat] (25, 50, 75) percentile: (519, 581, 642)
[M::mem_pestat] low and high boundaries for computing mean and std.dev: (273, 888)
[M::mem_pestat] mean and std.dev: (577.81, 101.11)
[M::mem_pestat] low and high boundaries for proper pairs: (150, 1011)
[M::mem_pestat] skip orientation RF as there are not enough pairs
[M::mem_pestat] skip orientation RR as there are not enough pairs
[M::mem_process_seqs] Processed 33224 reads in 2.102 CPU sec, 2.088 real sec
[M::mem_pestat] # candidate unique pairs for (FF, FR, RF, RR): (0, 109, 0, 0)
[M::mem_pestat] skip orientation FF as there are not enough pairs
[M::mem_pestat] analyzing insert size distribution for orientation FR...
[M::mem_pestat] (25, 50, 75) percentile: (512, 571, 651)
[M::mem_pestat] low and high boundaries for computing mean and std.dev: (234, 929)
[M::mem_pestat] mean and std.dev: (571.77, 119.87)
[M::mem_pestat] low and high boundaries for proper pairs: (92, 1068)
[M::mem_pestat] skip orientation RF as there are not enough pairs
[M::mem_pestat] skip orientation RR as there are not enough pairs
[M::mem_process_seqs] Processed 328 reads in 0.032 CPU sec, 0.028 real sec
[main] Version: 0.7.19-r1273
[main] CMD: bwa mem -t 1 ./data/reference/GCF_000005845.2_ASM584v2_genomic.fna ./data/examples/demo//example3_R1.fastq ./data/examples/demo//example3_R2.fastq
[main] Real time: 6.390 sec; CPU: 6.293 sec
[mpileup] 1 samples in 1 input files
[mpileup] maximum number of reads per input file set to -d 250
chemical/x-fastq
chemical/x-fastq
Started analysis of example3_R1.fastq
Approx 5% complete for example3_R1.fastq
Approx 10% complete for example3_R1.fastq
Approx 15% complete for example3_R1.fastq
Approx 20% complete for example3_R1.fastq
Approx 25% complete for example3_R1.fastq
Approx 30% complete for example3_R1.fastq
Approx 35% complete for example3_R1.fastq
Approx 40% complete for example3_R1.fastq
Approx 45% complete for example3_R1.fastq
Approx 50% complete for example3_R1.fastq
Approx 55% complete for example3_R1.fastq
Approx 60% complete for example3_R1.fastq
Approx 65% complete for example3_R1.fastq
Approx 70% complete for example3_R1.fastq
Approx 75% complete for example3_R1.fastq
Approx 80% complete for example3_R1.fastq
Approx 85% complete for example3_R1.fastq
Approx 90% complete for example3_R1.fastq
Approx 95% complete for example3_R1.fastq
Approx 100% complete for example3_R1.fastq
Analysis complete for example3_R1.fastq
Started analysis of example3_R2.fastq
Approx 5% complete for example3_R2.fastq
Approx 10% complete for example3_R2.fastq
Approx 15% complete for example3_R2.fastq
Approx 20% complete for example3_R2.fastq
Approx 25% complete for example3_R2.fastq
Approx 30% complete for example3_R2.fastq
Approx 35% complete for example3_R2.fastq
Approx 40% complete for example3_R2.fastq
Approx 45% complete for example3_R2.fastq
Approx 50% complete for example3_R2.fastq
Approx 55% complete for example3_R2.fastq
Approx 60% complete for example3_R2.fastq
Approx 65% complete for example3_R2.fastq
Approx 70% complete for example3_R2.fastq
Approx 75% complete for example3_R2.fastq
Approx 80% complete for example3_R2.fastq
Approx 85% complete for example3_R2.fastq
Approx 90% complete for example3_R2.fastq
Approx 95% complete for example3_R2.fastq
Approx 100% complete for example3_R2.fastq
Analysis complete for example3_R2.fastq
[M::bwa_idx_load_from_disk] read 0 ALT contigs
[M::process] read 33224 sequences (10000424 bp)...
[M::process] read 33224 sequences (10000424 bp)...
[M::mem_pestat] # candidate unique pairs for (FF, FR, RF, RR): (0, 11477, 0, 0)
[M::mem_pestat] skip orientation FF as there are not enough pairs
[M::mem_pestat] analyzing insert size distribution for orientation FR...
[M::mem_pestat] (25, 50, 75) percentile: (516, 581, 641)
[M::mem_pestat] low and high boundaries for computing mean and std.dev: (266, 891)
[M::mem_pestat] mean and std.dev: (575.76, 102.38)
[M::mem_pestat] low and high boundaries for proper pairs: (141, 1016)
[M::mem_pestat] skip orientation RF as there are not enough pairs
[M::mem_pestat] skip orientation RR as there are not enough pairs
[M::mem_process_seqs] Processed 33224 reads in 1.972 CPU sec, 1.957 real sec
[M::process] read 33224 sequences (10000424 bp)...
[M::mem_pestat] # candidate unique pairs for (FF, FR, RF, RR): (1, 11418, 0, 0)
[M::mem_pestat] skip orientation FF as there are not enough pairs
[M::mem_pestat] analyzing insert size distribution for orientation FR...
[M::mem_pestat] (25, 50, 75) percentile: (516, 581, 644)
[M::mem_pestat] low and high boundaries for computing mean and std.dev: (260, 900)
[M::mem_pestat] mean and std.dev: (577.12, 104.47)
[M::mem_pestat] low and high boundaries for proper pairs: (132, 1028)
[M::mem_pestat] skip orientation RF as there are not enough pairs
[M::mem_pestat] skip orientation RR as there are not enough pairs
[M::mem_process_seqs] Processed 33224 reads in 2.108 CPU sec, 2.080 real sec
[M::process] read 328 sequences (98728 bp)...
[M::mem_pestat] # candidate unique pairs for (FF, FR, RF, RR): (2, 11600, 0, 2)
[M::mem_pestat] skip orientation FF as there are not enough pairs
[M::mem_pestat] analyzing insert size distribution for orientation FR...
[M::mem_pestat] (25, 50, 75) percentile: (519, 581, 642)
[M::mem_pestat] low and high boundaries for computing mean and std.dev: (273, 888)
[M::mem_pestat] mean and std.dev: (577.81, 101.11)
[M::mem_pestat] low and high boundaries for proper pairs: (150, 1011)
[M::mem_pestat] skip orientation RF as there are not enough pairs
[M::mem_pestat] skip orientation RR as there are not enough pairs
[M::mem_process_seqs] Processed 33224 reads in 2.103 CPU sec, 2.089 real sec
[M::mem_pestat] # candidate unique pairs for (FF, FR, RF, RR): (0, 109, 0, 0)
[M::mem_pestat] skip orientation FF as there are not enough pairs
[M::mem_pestat] analyzing insert size distribution for orientation FR...
[M::mem_pestat] (25, 50, 75) percentile: (512, 571, 651)
[M::mem_pestat] low and high boundaries for computing mean and std.dev: (234, 929)
[M::mem_pestat] mean and std.dev: (571.77, 119.87)
[M::mem_pestat] low and high boundaries for proper pairs: (92, 1068)
[M::mem_pestat] skip orientation RF as there are not enough pairs
[M::mem_pestat] skip orientation RR as there are not enough pairs
[M::mem_process_seqs] Processed 328 reads in 0.027 CPU sec, 0.025 real sec
[main] Version: 0.7.19-r1273
[main] CMD: bwa mem -t 1 ./data/reference/GCF_000005845.2_ASM584v2_genomic.fna ./data/examples/demo//example3_R1.fastq ./data/examples/demo//example3_R2.fastq
[main] Real time: 6.345 sec; CPU: 6.248 sec
[mpileup] 1 samples in 1 input files
[mpileup] maximum number of reads per input file set to -d 250
chemical/x-fastq
chemical/x-fastq
Started analysis of example3_R1.fastq
Approx 5% complete for example3_R1.fastq
Approx 10% complete for example3_R1.fastq
Approx 15% complete for example3_R1.fastq
Approx 20% complete for example3_R1.fastq
Approx 25% complete for example3_R1.fastq
Approx 30% complete for example3_R1.fastq
Approx 35% complete for example3_R1.fastq
Approx 40% complete for example3_R1.fastq
Approx 45% complete for example3_R1.fastq
Approx 50% complete for example3_R1.fastq
Approx 55% complete for example3_R1.fastq
Approx 60% complete for example3_R1.fastq
Approx 65% complete for example3_R1.fastq
Approx 70% complete for example3_R1.fastq
Started analysis of example3_R2.fastq
Approx 75% complete for example3_R1.fastq
Approx 5% complete for example3_R2.fastq
Approx 80% complete for example3_R1.fastq
Approx 85% complete for example3_R1.fastq
Approx 10% complete for example3_R2.fastq
Approx 90% complete for example3_R1.fastq
Approx 15% complete for example3_R2.fastq
Approx 95% complete for example3_R1.fastq
Approx 20% complete for example3_R2.fastq
Approx 100% complete for example3_R1.fastq
Approx 25% complete for example3_R2.fastq
Analysis complete for example3_R1.fastq
Approx 30% complete for example3_R2.fastq
Approx 35% complete for example3_R2.fastq
Approx 40% complete for example3_R2.fastq
Approx 45% complete for example3_R2.fastq
Approx 50% complete for example3_R2.fastq
Approx 55% complete for example3_R2.fastq
Approx 60% complete for example3_R2.fastq
Approx 65% complete for example3_R2.fastq
Approx 70% complete for example3_R2.fastq
Approx 75% complete for example3_R2.fastq
Approx 80% complete for example3_R2.fastq
Approx 85% complete for example3_R2.fastq
Approx 90% complete for example3_R2.fastq
Approx 95% complete for example3_R2.fastq
Approx 100% complete for example3_R2.fastq
Analysis complete for example3_R2.fastq
[M::bwa_idx_load_from_disk] read 0 ALT contigs
[M::process] read 66446 sequences (20000246 bp)...
[M::process] read 33554 sequences (10099754 bp)...
[M::mem_pestat] # candidate unique pairs for (FF, FR, RF, RR): (1, 22895, 0, 0)
[M::mem_pestat] skip orientation FF as there are not enough pairs
[M::mem_pestat] analyzing insert size distribution for orientation FR...
[M::mem_pestat] (25, 50, 75) percentile: (516, 581, 642)
[M::mem_pestat] low and high boundaries for computing mean and std.dev: (264, 894)
[M::mem_pestat] mean and std.dev: (576.46, 103.31)
[M::mem_pestat] low and high boundaries for proper pairs: (138, 1020)
[M::mem_pestat] skip orientation RF as there are not enough pairs
[M::mem_pestat] skip orientation RR as there are not enough pairs
[M::mem_process_seqs] Processed 66446 reads in 6.011 CPU sec, 3.114 real sec
[M::mem_pestat] # candidate unique pairs for (FF, FR, RF, RR): (2, 11709, 0, 2)
[M::mem_pestat] skip orientation FF as there are not enough pairs
[M::mem_pestat] analyzing insert size distribution for orientation FR...
[M::mem_pestat] (25, 50, 75) percentile: (519, 581, 642)
[M::mem_pestat] low and high boundaries for computing mean and std.dev: (273, 888)
[M::mem_pestat] mean and std.dev: (577.81, 101.13)
[M::mem_pestat] low and high boundaries for proper pairs: (150, 1011)
[M::mem_pestat] skip orientation RF as there are not enough pairs
[M::mem_pestat] skip orientation RR as there are not enough pairs
[M::mem_process_seqs] Processed 33554 reads in 3.119 CPU sec, 1.761 real sec
[main] Version: 0.7.19-r1273
[main] CMD: bwa mem -t 2 ./data/reference/GCF_000005845.2_ASM584v2_genomic.fna ./data/examples/demo//example3_R1.fastq ./data/examples/demo//example3_R2.fastq
[main] Real time: 5.046 sec; CPU: 9.189 sec
[bam_sort_core] merging from 0 files and 2 in-memory blocks...
[mpileup] 1 samples in 1 input files
[mpileup] maximum number of reads per input file set to -d 250
