Read1 before filtering:
total reads: 50000
total bases: 15050000
Q20 bases: 13948974(92.6842%)
Q30 bases: 12985546(86.2827%)
Q40 bases: 0(0%)

Read2 before filtering:
total reads: 50000
total bases: 15050000
Q20 bases: 11258093(74.8046%)
Q30 bases: 9891137(65.7218%)
Q40 bases: 0(0%)

Read1 after filtering:
total reads: 43835
total bases: 13147419
Q20 bases: 12533184(95.3281%)
Q30 bases: 11791226(89.6847%)
Q40 bases: 0(0%)

Read2 after filtering:
total reads: 43835
total bases: 13147419
Q20 bases: 10464250(79.5917%)
Q30 bases: 9288062(70.6455%)
Q40 bases: 0(0%)

Filtering result:
reads passed filter: 87670
reads failed due to low quality: 12330
reads failed due to too many N: 0
reads failed due to too short: 0
reads with adapter trimmed: 1882
bases trimmed due to adapters: 94486

Duplication rate: 0.002%

Insert size peak (evaluated by paired-end reads): 509

JSON report: results/trimmed/example1.fastp.json
HTML report: results/trimmed/example1.fastp.html

fastp -w 2 -i ./data/examples/demo//example1_R1.fastq -I ./data/examples/demo//example1_R2.fastq -o results/trimmed/example1_R1.trimmed.fastq -O results/trimmed/example1_R2.trimmed.fastq -h results/trimmed/example1.fastp.html -j results/trimmed/example1.fastp.json 
fastp v1.0.1, time used: 1 seconds
null
null
Started analysis of example1_R1.trimmed.fastq
Approx 5% complete for example1_R1.trimmed.fastq
Approx 10% complete for example1_R1.trimmed.fastq
Approx 15% complete for example1_R1.trimmed.fastq
Approx 20% complete for example1_R1.trimmed.fastq
Approx 25% complete for example1_R1.trimmed.fastq
Approx 30% complete for example1_R1.trimmed.fastq
Approx 35% complete for example1_R1.trimmed.fastq
Approx 40% complete for example1_R1.trimmed.fastq
Approx 45% complete for example1_R1.trimmed.fastq
Approx 50% complete for example1_R1.trimmed.fastq
Approx 55% complete for example1_R1.trimmed.fastq
Approx 60% complete for example1_R1.trimmed.fastq
Approx 65% complete for example1_R1.trimmed.fastq
Approx 70% complete for example1_R1.trimmed.fastq
Approx 75% complete for example1_R1.trimmed.fastq
Started analysis of example1_R2.trimmed.fastq
Approx 80% complete for example1_R1.trimmed.fastq
Approx 85% complete for example1_R1.trimmed.fastq
Approx 5% complete for example1_R2.trimmed.fastq
Approx 10% complete for example1_R2.trimmed.fastq
Approx 90% complete for example1_R1.trimmed.fastq
Approx 15% complete for example1_R2.trimmed.fastq
Approx 95% complete for example1_R1.trimmed.fastq
Approx 20% complete for example1_R2.trimmed.fastq
Analysis complete for example1_R1.trimmed.fastq
Approx 25% complete for example1_R2.trimmed.fastq
Approx 30% complete for example1_R2.trimmed.fastq
Approx 35% complete for example1_R2.trimmed.fastq
Approx 40% complete for example1_R2.trimmed.fastq
Approx 45% complete for example1_R2.trimmed.fastq
Approx 50% complete for example1_R2.trimmed.fastq
Approx 55% complete for example1_R2.trimmed.fastq
Approx 60% complete for example1_R2.trimmed.fastq
Approx 65% complete for example1_R2.trimmed.fastq
Approx 70% complete for example1_R2.trimmed.fastq
Approx 75% complete for example1_R2.trimmed.fastq
Approx 80% complete for example1_R2.trimmed.fastq
Approx 85% complete for example1_R2.trimmed.fastq
Approx 90% complete for example1_R2.trimmed.fastq
Approx 95% complete for example1_R2.trimmed.fastq
Analysis complete for example1_R2.trimmed.fastq
[M::bwa_idx_load_from_disk] read 0 ALT contigs
[M::process] read 66684 sequences (20000104 bp)...
[M::process] read 20986 sequences (6294734 bp)...
[M::mem_pestat] # candidate unique pairs for (FF, FR, RF, RR): (1, 23291, 0, 0)
[M::mem_pestat] skip orientation FF as there are not enough pairs
[M::mem_pestat] analyzing insert size distribution for orientation FR...
[M::mem_pestat] (25, 50, 75) percentile: (512, 576, 636)
[M::mem_pestat] low and high boundaries for computing mean and std.dev: (264, 884)
[M::mem_pestat] mean and std.dev: (570.54, 102.08)
[M::mem_pestat] low and high boundaries for proper pairs: (140, 1008)
[M::mem_pestat] skip orientation RF as there are not enough pairs
[M::mem_pestat] skip orientation RR as there are not enough pairs
[M::mem_process_seqs] Processed 66684 reads in 5.339 CPU sec, 2.707 real sec
[M::mem_pestat] # candidate unique pairs for (FF, FR, RF, RR): (2, 7449, 0, 2)
[M::mem_pestat] skip orientation FF as there are not enough pairs
[M::mem_pestat] analyzing insert size distribution for orientation FR...
[M::mem_pestat] (25, 50, 75) percentile: (515, 575, 635)
[M::mem_pestat] low and high boundaries for computing mean and std.dev: (275, 875)
[M::mem_pestat] mean and std.dev: (572.08, 99.36)
[M::mem_pestat] low and high boundaries for proper pairs: (155, 995)
[M::mem_pestat] skip orientation RF as there are not enough pairs
[M::mem_pestat] skip orientation RR as there are not enough pairs
[M::mem_process_seqs] Processed 20986 reads in 1.784 CPU sec, 1.146 real sec
[main] Version: 0.7.19-r1273
[main] CMD: bwa mem -t 2 ./data/reference/GCF_000005845.2_ASM584v2_genomic.fna results/trimmed/example1_R1.trimmed.fastq results/trimmed/example1_R2.trimmed.fastq
[main] Real time: 3.972 sec; CPU: 7.179 sec
[bam_sort_core] merging from 0 files and 2 in-memory blocks...
[mpileup] 1 samples in 1 input files
[mpileup] maximum number of reads per input file set to -d 250
